black pepper 5003751-EA-000  # Pams Ground Black Pepper 50g
butter 5023660-EA-000  # Pams Pure Butter 500g
carrot 5039965-KGM-000  # Carrots kg
caster sugar 5002760-EA-000  # Chelsea White Sugar 1.5kg
chicken breast 5105651-KGM-000  # Skinless Chicken Breast kg
cooked white rice 5303223-EA-000  # Fortune Long Grain Rice 1kg
cornflour 5024311-EA-000  # Pams Maize Cornflour 400g
egg 5342311-EA-000  # New Day Size 7 Eggs 12pk
egg whites 5021173-EA-000  # Zeagold Egg White Natural Protein 980ml
frozen mixed vegetables 5134867-EA-000  # McCain Mixed Vegetables 2kg
garlic clove 5228745-EA-000  # Jinning Greenway White Garlic 450g
garlic powder 5241730-EA-000  # Mrs Rogers Naturals Eco Garlic Powder 40g
honey 5017889-EA-000  # Airborne Pure Honey 500g
milk 5201490-EA-000  # Pams Value Standard Milk 3l
olive oil 5025358-EA-000  # Romano's Honey & Olive Oil Pizza Bases 3pk
onion 5045845-EA-000  # Brown Onions 10kg
onion powder 5334358-EA-000  # Masterfoods Onion Powder 44g
plain flour 5003830-EA-000  # Pams Pure Plain Flour 5kg
reduced sugar ketchup 5003874-EA-000  # Pams Tomato Sauce 575g
rice 5303223-EA-000  # Fortune Long Grain Rice 1kg
rice wine vinegar 5040770-EA-000  # Obento Rice Wine Vinegar 250ml
salt 5003761-EA-000  # Pams Iodised Table Salt 1kg
sesame oil 5222863-EA-000  # Pams Sesame Oil 200ml
soy sauce 5017424-EA-000  # Yamasa Soy Sauce 500ml
spring onion 5313998-EA-000  # Mama San Chopped Spring Onion 454g
sugar 5002760-EA-000  # Chelsea White Sugar 1.5kg
sunflower or vegetable oil 5090373-EA-000  # Pacific Crown Sardines In Vegetable Oil 125g
