allspice 5095190-EA-000  # Mrs Rogers Naturals Eco Ground Allspice 30g
avocado 5312644-EA-000  # Primor Prepacked Avocados 1kg
barbecue sauce 5020708-EA-000  # Pams Smokey BBQ Sauce 560g
basmati rice 5271269-EA-000  # Dawaat Gold Everyday Basmati Rice 5kg
bay leaf 5347079-EA-000  # Urja Bay Leaves 100g
bean sprout 5316679-EA-000  # Pams Mung Bean Sprouts 200g
beef 5103401-KGM-000  # Beef Rump Steak kg
beef mince 5318934-EA-000  # Affco Beef Mince 500g
beef steak 5103401-KGM-000  # Beef Rump Steak kg
bicarbonate of soda 5007137-EA-000  # Pams Baking Soda 500g
bird's eye chilli 5110642-EA-000  # Check Red Chilli Vegetables 200g
black pepper 5003751-EA-000  # Pams Ground Black Pepper 50g
brown onion 5045845-EA-000  # Brown Onions 10kg
brown rice 5021320-EA-000  # SunRice Australian Brown Medium Grain Rice 5kg
brown sugar 5003683-EA-000  # Pams Soft Brown Sugar 1kg
butter 5023660-EA-000  # Pams Pure Butter 500g
cajun seasoning 5027636-EA-000  # Mrs Rogers Naturals Eco Cajun Seasoning 30g
canned lentil 5042119-EA-000  # Pams Brown Lentils In Brine 400g
canned tomato 5092718-EA-000  # Pams Value Chopped Tomatoes in Juice 400g
canned tuna in olive oil 5125426-EA-000  # Pacific Crown Sandwich Tuna In Oil 170g
caper 5001381-EA-000  # Delmaine Surfine Capers 100g
cardamom pod 5026714-EA-000  # Mrs Rogers Premium Eco Cardamom Pods 20g
carrot 5039965-KGM-000  # Carrots kg
cashew nut 5003697-EA-000  # Pams Cashew Nuts 70g
caster sugar 5003698-EA-000  # Pams Caster Sugar 1kg
cayenne pepper 5205459-EA-000  # Mrs Rogers Naturals Eco Ground Cayenne Pepper 30g
celery stick 5046509-EA-000  # Celery Half ea
chana lentil 5277139-EA-000  # Kashish Chana Dal Chickpea Split Lentil 1kg
cheese 5140580-EA-000  # Value Cheddar Flavoured Processed Cheese Slices 500g
chicken bouillon powder 5089143-EA-000  # Continental Salt Reduced Chicken Stock Powder 120g
chicken breast 5105651-KGM-000  # Skinless Chicken Breast kg
chicken stock 5248817-EA-000  # Massel Chicken Flavour Gourmet Stock Liquid 1l
chicken thigh 5115633-KGM-000  # NZ Skinless Chicken Thigh Fillet kg
chilli 5110642-EA-000  # Check Red Chilli Vegetables 200g
chilli powder 5293574-EA-000  # Kashish Kashmiri Chilli Powder Spice 200g
chinese broccoli 5040608-EA-000  # Bellaverde Sweet Stem Broccoli 250g
chinese five-spice powder 5205461-EA-000  # Mrs Rogers Naturals Eco Chinese Five Spice 30g
chinese sausage 5026055-EA-000  # Hellers Chinese Honey Sausages 1kg
chopped tomato 5092718-EA-000  # Pams Value Chopped Tomatoes in Juice 400g
choy sum 5046087-EA-000  # Choy Sum ea
coconut milk 5025903-EA-000  # Trident Premium Coconut Milk 400ml
cold-pressed rapeseed oil 5003695-EA-000  # Pams Canola Oil 500ml
cooked rice 5303223-EA-000  # Fortune Long Grain Rice 1kg
coriander 5046090-EA-000  # Healthy n Fresh Prepacked Coriander 80g
corn cob 5046753-EA-000  # Prepacked Sweetcorn 500g
cornflour 5024311-EA-000  # Pams Maize Cornflour 400g
cucumber 5028889-EA-000  # Telegraph Cucumber ea
cumin seed 5304362-EA-000  # Kashish Cumin Seeds 200g
curry powder 5026699-EA-000  # Mrs Rogers Naturals Eco Curry Powder 40g
dark soy sauce 5014116-EA-000  # Pearl River Bridge Superior Dark Soy Sauce 500ml
dashi powder 5044924-EA-000  # Shimaya Bonito Flavoured Dashi Seasoning 50g
dijon mustard 5009781-EA-000  # Masterfoods Dijonnaise Mustard 250g
double cream 5035259-EA-000  # Lewis Road Creamery Premium Double Cream 300ml
dried mixed herb 5026706-EA-000  # Mrs Rogers Naturals Eco Mixed Herbs 10g
dried oregano 5260296-EA-000  # Mrs Rogers Naturals Eco Oregano 10g
dry red chilli 5009425-EA-000  # Pams Crushed Chilli 230g
egg 5269558-EA-000  # Woodland Free Range Size 6 Eggs 18pk
egg white 5021173-EA-000  # Zeagold Egg White Natural Protein 980ml
extra virgin olive oil 5003827-EA-000  # Pams Pure Olive Oil 1l
fennel seed 5036772-EA-000  # Mrs Rogers Naturals Eco Fennel Seeds 26g
firm tofu 5348898-EA-000  # All Food Pure Bean Firm Tofu 300g
fish sauce 5020784-EA-000  # Poonsin Fish Sauce 205ml
flaked almond 5003846-EA-000  # Pams Sliced Almonds 70g
flour tortilla 5018055-EA-000  # Pams Wholegrain Tortillas 6pk
frozen dumpling 5087042-EA-000  # Ottogi Eatchew Savoury Dumplings 1.35kg
frozen mixed vegetables 5003789-EA-000  # Pams Mixed Veges 1kg
frozen spinach 5008137-EA-000  # Fruzio Premium Spinach 1kg
garam masala 5205464-EA-000  # Mrs Rogers Naturals Eco Garam Masala 35g
garlic 5228745-EA-000  # Jinning Greenway White Garlic 450g
garlic clove 5228745-EA-000  # Jinning Greenway White Garlic 450g
garlic powder 5241730-EA-000  # Mrs Rogers Naturals Eco Garlic Powder 40g
ghee 5036874-EA-000  # Eclipse Premium Ghee 750ml
ginger 5046576-KGM-000  # Ginger kg
gnocchi 5330388-EA-000  # Diamond Gnocchi 500g
green bean 5305174-EA-000  # Pams Green Round Beans 250g
green capsicum 5298394-EA-000  # Value Capsicum 500g
green pepper 5298394-EA-000  # Value Capsicum 500g
ground coriander 5026692-EA-000  # Mrs Rogers Naturals Eco Ground Coriander 30g
ground cumin 5304362-EA-000  # Kashish Cumin Seeds 200g
ground turmeric 5334354-EA-000  # Masterfoods Ground Turmeric 34g
hoisin sauce 5003514-EA-000  # Lee Kum Kee Hoisin Sauce 240g
honey 5014514-EA-000  # Arataki Multi-Flora With Manuka Honey 500g
instant ramen 5206566-EA-000  # Yum Yum Chicken Instant Noodles 5 x 60g
jasmine rice 5303223-EA-000  # Fortune Long Grain Rice 1kg
kale 5046368-EA-000  # Green Curly Kale ea
lemon 5046477-KGM-000  # Lemons kg
lemon juice 5046477-KGM-000  # Lemons kg
lemon wedges 5046477-KGM-000  # Lemons kg
light soy sauce 5014115-EA-000  # Pearl River Bridge Superior Light Soy Sauce 500ml
lime 5039993-KGM-000  # Limes kg
lime juice 5039993-KGM-000  # Limes kg
lime wedge 5039993-KGM-000  # Limes kg
little gem lettuce 5303544-EA-000  # Pams Baby Cos Lettuce 2pk
long grain rice 5303223-EA-000  # Fortune Long Grain Rice 1kg
mango 5351128-EA-000  # Mango VN 1pk
mayonnaise 5007552-EA-000  # Pams Whole Egg Mayonnaise 443ml
milk 5004752-EA-000  # Pams Standard UHT Milk 1l
mirin 5204982-EA-000  # Mama San Mirin Sweet Rice Wine 500ml
mushroom 5046533-KGM-000  # White Button Mushrooms kg
mustard powder 5026985-EA-000  # Mrs Rogers Naturals Eco Mustard Powder 30g
oil 5003695-EA-000  # Pams Canola Oil 500ml
olive oil 5003827-EA-000  # Pams Pure Olive Oil 1l
onion 5045856-KGM-000  # Brown Onions kg
onion powder 5219807-EA-000  # Mrs Rogers Naturals Eco Onion Powder Fine 40g
oyster sauce 5343615-EA-000  # Haday Golden Label Oyster Cooking Sauce 530g
paprika 5026700-EA-000  # Mrs Rogers Naturals Eco Ground Paprika 40g
parmesan 5232466-EA-000  # Dairyworks Grated Parmesan Cheese 200g
parsley 5040560-EA-000  # Pams Frilled Parsley ea
pea 5003748-EA-000  # Pams Frozen Garden Peas 1kg
peanut 5002498-EA-000  # Value Pack Roasted Salted Peanuts 400g
peanut butter 5003808-EA-000  # Pams Smooth Peanut Butter 375g
peanut oil 5003816-EA-000  # Pams Peanut Oil 500ml
pickled ginger 5046357-EA-000  # Healthy n Fresh Sushi Ginger 125g
plain flour 5003829-EA-000  # Pams Pure Plain Flour 1.5kg
plain wholemeal flour 5005337-EA-000  # Pams Wholemeal Flour 1.5kg
pork mince 5335948-EA-000  # Hellers Pork Mince 400g
pork sausage 5312041-EA-000  # Pams Italian Pork Sausages 450g
potato 5045752-EA-000  # Potatoes 10kg
potato starch 5122888-EA-000  # Double Rings Superior Potato Starch 454g
raw prawn 5296121-EA-000  # Fisherking Raw Stir-Fry Prawns 800g
red capsicum 5046503-EA-000  # Red Capsicum ea
red chilli 5110642-EA-000  # Check Red Chilli Vegetables 200g
red curry paste 5014174-EA-000  # Exotic Food Red Curry Paste 220g
red food colouring 5203150-EA-000  # Pams Lemon Baking Juice 250ml
red onion 5223140-KGM-000  # Peeled Red Onions kg
red wine 5000237-EA-000  # Velluto Rosso Soft & Smooth Red Wine Cask 3l
red wine vinegar 5002382-EA-000  # Delmaine Italian Red Wine Vinegar 500ml
reduced sugar ketchup 5212155-EA-000  # Gregg's 60% Less Sugar Tomato Sauce 540g
rice 5303223-EA-000  # Fortune Long Grain Rice 1kg
rice stick noodle 5030302-EA-000  # Erawan Pad Thai Rice Noodle 200g
rice vinegar 5040770-EA-000  # Obento Rice Wine Vinegar 250ml
sake 5204983-EA-000  # Mama San Japanese Style Cooking Sake 500ml
salsa 5004799-EA-000  # Pams Mild Salsa Dip 300g
salt 5003761-EA-000  # Pams Iodised Table Salt 1kg
sesame oil 5222863-EA-000  # Pams Sesame Oil 200ml
sesame seed 5100012-KGM-000  # Sesame Seeds kg
shallot 5104407-EA-000  # Dragon & Phoenix Fried Shallots 100g
smoked bacon rasher 5266364-EA-000  # Hellers Manuka Smoked Rasher Bacon 200g
smoked paprika 5026700-EA-000  # Mrs Rogers Naturals Eco Ground Paprika 40g
sour cream 5253380-EA-000  # Tatua Sour Cream 500g
soy sauce 5014115-EA-000  # Pearl River Bridge Superior Light Soy Sauce 500ml
spaghetti 5319769-EA-000  # Pasta Maria Spaghetti 400g
spring onion 5040009-EA-000  # Spring Onions ea
sriracha sauce 5335399-EA-000  # Eaglobe Hot Chilli Sriracha Sauce 500ml
star anise 5036761-EA-000  # Mrs Rogers Premium Eco Star Anise 11g
sugar 5002760-EA-000  # Chelsea White Sugar 1.5kg
sunflower oil 5208074-EA-000  # Pams Sunflower Oil 2l
sushi rice 5309798-EA-000  # SunRice Australian Sushi Rice 1kg
sweet potato 5040011-KGM-000  # Orange Kumara kg
tempeh 5012340-EA-000  # Tonzu Organic Tempeh 250g
thyme 5045930-EA-000  # Superb Herb Cut Thyme 15g
tofu 5348898-EA-000  # All Food Pure Bean Firm Tofu 300g
tomato 5040098-KGM-000  # Loose Red Tomatoes kg
tomato puree 5004779-EA-000  # Pams Tomato Puree 400g
udon noodle 5005675-EA-000  # Chef's World Noodles Udon 200g
vegetable oil 5003695-EA-000  # Pams Canola Oil 500ml
white bread 5092911-EA-000  # Pams Value White Toast Fresh Sliced Bread 600g
white distilled vinegar 5018439-EA-000  # Pams White Vinegar 2l
white fish fillet 5294962-EA-000  # Pams Natural White Fish Fillets 1kg
white pepper 5003752-EA-000  # Pams Ground White Pepper 50g
yoghurt 5005219-EA-000  # De Winkel All Natural Plain Unsweetened Yoghurt 1kg
