black pepper 5003751-EA-000  # Pams Ground Black Pepper 50g
butter 5023660-EA-000  # Pams Pure Butter 500g
canned tomato 5092718-EA-000  # Pams Value Chopped Tomatoes in Juice 400g
carrot 5039965-KGM-000  # Carrots kg
caster sugar 5003698-EA-000  # Pams Caster Sugar 1kg
chicken breast 5105651-KGM-000  # Skinless Chicken Breast kg
cooked white rice 5303223-EA-000  # Fortune Long Grain Rice 1kg
cornflour 5024311-EA-000  # Pams Maize Cornflour 400g
egg 5269558-EA-000  # Woodland Free Range Size 6 Eggs 18pk
egg white 5021173-EA-000  # Zeagold Egg White Natural Protein 980ml
egg whites 5021173-EA-000  # Zeagold Egg White Natural Protein 980ml
frozen mixed vegetables 5003789-EA-000  # Pams Mixed Veges 1kg
garlic 5228745-EA-000  # Jinning Greenway White Garlic 450g
garlic clove 5228745-EA-000  # Jinning Greenway White Garlic 450g
garlic powder 5241730-EA-000  # Mrs Rogers Naturals Eco Garlic Powder 40g
honey 5345137-EA-000  # Pams Value Creamed Clover Blend Honey 1kg
lemon 5046477-KGM-000  # Lemons kg
milk 5004752-EA-000  # Pams Standard UHT Milk 1l
olive oil 5003827-EA-000  # Pams Pure Olive Oil 1l
onion 5045845-EA-000  # Brown Onions 10kg
onion powder 5219807-EA-000  # Mrs Rogers Naturals Eco Onion Powder Fine 40g
plain flour 5003830-EA-000  # Pams Pure Plain Flour 5kg
reduced sugar ketchup 5003874-EA-000  # Pams Tomato Sauce 575g
rice 5303223-EA-000  # Fortune Long Grain Rice 1kg
rice wine vinegar 5040770-EA-000  # Obento Rice Wine Vinegar 250ml
salt 5003761-EA-000  # Pams Iodised Table Salt 1kg
sesame oil 5222863-EA-000  # Pams Sesame Oil 200ml
soy sauce 5014116-EA-000  # Pearl River Bridge Superior Dark Soy Sauce 500ml
spring onion 5040009-EA-000  # Spring Onions ea
sugar 5002760-EA-000  # Chelsea White Sugar 1.5kg
sunflower or vegetable oil 5003695-EA-000  # Pams Canola Oil 500ml
tomato 5040098-KGM-000  # Loose Red Tomatoes kg
vegetable oil 5003695-EA-000  # Pams Canola Oil 500ml
